son-tung-kieu@son-tung-kieu-Legion-Y540-15IRH-PG0:~$ ssh ip172-18-0-108-d0dhh1ol2o90009t2tg0@direct.labs.play-with-docker.com
Connecting to 52.168.126.22:8022
###############################################################
#                          WARNING!!!!                        #
# This is a sandbox environment. Using personal credentials   #
# is HIGHLY! discouraged. Any consequences of doing so are    #
# completely the user's responsibilites.                      #
#                                                             #
# The PWD team.                                               #
###############################################################
-sh: disown: not found
[node1] (local) root@192.168.0.23 ~
$ 
[1]+  Done(1)                    (while !docker info 1>&/dev/null; do sleep 1; done; docker network create -d bridge docker_gwbridge 1>&/dev/null)
[node1] (local) root@192.168.0.23 ~
$ git clone https://github.com/sontungkieu/IT3180E-SE-Search-Module.git
Cloning into 'IT3180E-SE-Search-Module'...
remote: Enumerating objects: 220, done.
remote: Counting objects: 100% (29/29), done.
remote: Compressing objects: 100% (15/15), done.
remote: Total 220 (delta 25), reused 14 (delta 14), pack-reused 191 (from 2)
Receiving objects: 100% (220/220), 80.04 MiB | 14.44 MiB/s, done.
Resolving deltas: 100% (103/103), done.
[node1] (local) root@192.168.0.23 ~
$  cd IT3180E-SE-Search-Module/
[node1] (local) root@192.168.0.23 ~/IT3180E-SE-Search-Module
$ git checkout dev-non-torch
Updating files: 100% (40/40), done.
branch 'dev-non-torch' set up to track 'origin/dev-non-torch'.
Switched to a new branch 'dev-non-torch'
[node1] (local) root@192.168.0.23 ~/IT3180E-SE-Search-Module
$ docker build -t search-module .
[+] Building 171.4s (9/9) FINISHED                               docker:default
 => [internal] load build definition from Dockerfile                       0.0s
 => => transferring dockerfile: 1.65kB                                     0.0s
 => [internal] load metadata for docker.io/library/python:3.10-slim        1.4s
 => [internal] load .dockerignore                                          0.0s
 => => transferring context: 2B                                            0.0s
 => [1/4] FROM docker.io/library/python:3.10-slim@sha256:57038683f4a259e  11.8s
 => => resolve docker.io/library/python:3.10-slim@sha256:57038683f4a259e1  0.0s
 => => sha256:92e5f9e5de64a1369423a10d83393bf1a3533dd76c0 3.51MB / 3.51MB  0.6s
 => => sha256:765ef9c81879b3bfc7185726a38c8b3531b80fc48 15.65MB / 15.65MB  1.0s
 => => sha256:57038683f4a259e17fcff1ccef7ba30b1065f4b3317 9.13kB / 9.13kB  0.0s
 => => sha256:a102ca2561bb2ab259d7519e30d69459b1d75c9a65e 1.75kB / 1.75kB  0.0s
 => => sha256:b32fa0454ca185102d4d2e8c7097c1478dba51eab18 5.31kB / 5.31kB  0.0s
 => => sha256:254e724d77862dc53abbd3bf0e27f9d2f64293909 28.23MB / 28.23MB  1.1s
 => => sha256:d15668d6a1de27ac749c4d14e5aa7769b29e8853056f3f1 248B / 248B  1.0s
 => => extracting sha256:254e724d77862dc53abbd3bf0e27f9d2f64293909cdd3d0a  7.1s
 => => extracting sha256:92e5f9e5de64a1369423a10d83393bf1a3533dd76c039b32  0.4s
 => => extracting sha256:765ef9c81879b3bfc7185726a38c8b3531b80fc48d6e54d8  2.4s
 => => extracting sha256:d15668d6a1de27ac749c4d14e5aa7769b29e8853056f3f17  0.0s
 => [internal] load build context                                          5.9s
 => => transferring context: 210.17MB                                      5.8s
 => [2/4] WORKDIR /app                                                     0.0s
 => [3/4] COPY . .                                                         0.4s
 => [4/4] RUN pip install --upgrade pip &&     pip install --no-cache-d  140.6s
 => exporting to image                                                    17.0s
 => => exporting layers                                                   17.0s
 => => writing image sha256:f8f208474039baa9c7382cac849afbb87e48d22f75459  0.0s
 => => naming to docker.io/library/search-module                           0.0s
[node1] (local) root@192.168.0.23 ~/IT3180E-SE-Search-Module
$ docker images
REPOSITORY      TAG       IMAGE ID       CREATED         SIZE
search-module   latest    f8f208474039   4 minutes ago   1.11GB
[node1] (local) root@192.168.0.23 ~/IT3180E-SE-Search-Module
$ ls
Dockerfile            pyproject.toml        tests
IT3180E SE.drawio     requirements.txt      tokenizer
LICENSE               requirements_dev.txt  tox.ini
README.md             setup.cfg             vector_storage
Search_module_fix.py  setup.py
onnx_model            src
[node1] (local) root@192.168.0.23 ~/IT3180E-SE-Search-Module
$ docker run -d -p 8000:8000 --name search-backend search-module
460baf760cf87f885aff6ccacac9e9cad096634ea555f162a7f4515b2098888b
[node1] (local) root@192.168.0.23 ~/IT3180E-SE-Search-Module
$ docker ps
CONTAINER ID   IMAGE           COMMAND                  CREATED          STATUS          PORTS                    NAMES
460baf760cf8   search-module   "uvicorn src.search_…"   33 seconds ago   Up 33 seconds   0.0.0.0:8000->8000/tcp   search-backend
[node1] (local) root@192.168.0.23 ~/IT3180E-SE-Search-Module
$ docker logs search-backend
None of PyTorch, TensorFlow >= 2.0, or Flax have been found. Models won't be available and only tokenizers, configuration and file/data utilities can be used.
INFO:     Started server process [1]
INFO:     Waiting for application startup.
INFO:     Application startup complete.
INFO:     Uvicorn running on http://0.0.0.0:8000 (Press CTRL+C to quit)
[node1] (local) root@192.168.0.23 ~/IT3180E-SE-Search-Module
$ docker logs -f search-backend
None of PyTorch, TensorFlow >= 2.0, or Flax have been found. Models won't be available and only tokenizers, configuration and file/data utilities can be used.
INFO:     Started server process [1]
INFO:     Waiting for application startup.
INFO:     Application startup complete.
INFO:     Uvicorn running on http://0.0.0.0:8000 (Press CTRL+C to quit)
Dữ liệu nhận được: {'search': 'computer', 'mod': 'word', 'scope': 'IT3190E'}
word
len of db: 4
Tokenizer maps between strings and sequences of integers...
{'location': '01:16:25', 'chunk_source_type': 'youtube', 'chunk_id': 49, 'chunk_source': 'https://www.youtube.com/watch?v=Rvppog1HZJY&t=3s', 'chunk_scope': 'IT3190E'}
See you next time.
{'chunk_source_type': 'youtube', 'chunk_id': 50, 'chunk_scope': 'IT3190E', 'chunk_source': 'https://www.youtube.com/watch?v=Rvppog1HZJY&t=3s', 'location': '01:18:00'}
it was also very inefficient. For example, encode loops over the merges. You should only loops over the merges that matter...
{'chunk_scope': 'IT3190E', 'chunk_source': 'https://www.youtube.com/watch?v=Rvppog1HZJY&t=3s', 'chunk_id': 49, 'location': '01:16:25', 'chunk_source_type': 'youtube'}
see you next time.
{'chunk_source': 'https://www.youtube.com/watch?v=Rvppog1HZJY&t=3s', 'chunk_scope': 'IT3190E', 'chunk_id': 50, 'location': '01:18:00', 'chunk_source_type': 'youtube'}
[]
INFO:     172.18.0.1:58492 - "POST / HTTP/1.1" 200 OK
INFO:     172.18.0.1:15275 - "GET / HTTP/1.1" 405 Method Not Allowed
INFO:     172.18.0.1:15275 - "GET /favicon.ico HTTP/1.1" 404 Not Found
^Ccontext canceled
[node1] (local) root@192.168.0.23 ~/IT3180E-SE-Search-Module
$ ^C

[node1] (local) root@192.168.0.23 ~/IT3180E-SE-Search-Module
$ docker logs -f search-backend
None of PyTorch, TensorFlow >= 2.0, or Flax have been found. Models won't be available and only tokenizers, configuration and file/data utilities can be used.
INFO:     Started server process [1]
INFO:     Waiting for application startup.
INFO:     Application startup complete.
INFO:     Uvicorn running on http://0.0.0.0:8000 (Press CTRL+C to quit)
Dữ liệu nhận được: {'search': 'computer', 'mod': 'word', 'scope': 'IT3190E'}
word
len of db: 4
Tokenizer maps between strings and sequences of integers...
{'location': '01:16:25', 'chunk_source_type': 'youtube', 'chunk_id': 49, 'chunk_source': 'https://www.youtube.com/watch?v=Rvppog1HZJY&t=3s', 'chunk_scope': 'IT3190E'}
See you next time.
{'chunk_source_type': 'youtube', 'chunk_id': 50, 'chunk_scope': 'IT3190E', 'chunk_source': 'https://www.youtube.com/watch?v=Rvppog1HZJY&t=3s', 'location': '01:18:00'}
it was also very inefficient. For example, encode loops over the merges. You should only loops over the merges that matter...
{'chunk_scope': 'IT3190E', 'chunk_source': 'https://www.youtube.com/watch?v=Rvppog1HZJY&t=3s', 'chunk_id': 49, 'location': '01:16:25', 'chunk_source_type': 'youtube'}
see you next time.
{'chunk_source': 'https://www.youtube.com/watch?v=Rvppog1HZJY&t=3s', 'chunk_scope': 'IT3190E', 'chunk_id': 50, 'location': '01:18:00', 'chunk_source_type': 'youtube'}
[]
INFO:     172.18.0.1:58492 - "POST / HTTP/1.1" 200 OK
INFO:     172.18.0.1:15275 - "GET / HTTP/1.1" 405 Method Not Allowed
INFO:     172.18.0.1:15275 - "GET /favicon.ico HTTP/1.1" 404 Not Found
Dữ liệu nhận được: {'search': 'computer', 'mod': 'semantic', 'scope': 'IT3190E'}
[{'text': 'it was also very inefficient. For example, encode loops over the merges. You should only loops over the merges that matter...', 'location': '01:16:25', 'chunk_id': 49, 'chunk_source': 'https://www.youtube.com/watch?v=Rvppog1HZJY&t=3s', 'chunk_scope': 'IT3190E', 'chunk_source_type': 'youtube', 'similarity_score': -65.8316}, {'text': 'See you next time.', 'location': '01:18:00', 'chunk_id': 50, 'chunk_source': 'https://www.youtube.com/watch?v=Rvppog1HZJY&t=3s', 'chunk_scope': 'IT3190E', 'chunk_source_type': 'youtube', 'similarity_score': -70.155}, {'text': 'see you next time.', 'location': '01:18:00', 'chunk_id': 50, 'chunk_source': 'https://www.youtube.com/watch?v=Rvppog1HZJY&t=3s', 'chunk_scope': 'IT3190E', 'chunk_source_type': 'youtube', 'similarity_score': -70.155}, {'text': 'Tokenizer maps between strings and sequences of integers...', 'location': '01:16:25', 'chunk_id': 49, 'chunk_source': 'https://www.youtube.com/watch?v=Rvppog1HZJY&t=3s', 'chunk_scope': 'IT3190E', 'chunk_source_type': 'youtube', 'similarity_score': -80.0044}]
INFO:     172.18.0.1:29815 - "POST / HTTP/1.1" 200 OK


